Configuration input file is: testinput/setcorscales.yml
Full configuration is:YAMLConfiguration[path=testinput/setcorscales.yml, root={resolution => {mom6_input_nml => ./inputnml/input.nml , fields metadata => ./fields_metadata.yml} , background => {read_from_file => 1 , basename => ./INPUT/ , ocn_filename => MOM.res.nc , date => 2018-04-15T00:00:00Z , state variables => (socn,tocn,ssh,hocn)} , decorrelation length scale variables => (socn,tocn,ssh) , rh output => {datadir => Data , exp => cor_rh , type => an} , rv output => {datadir => Data , exp => cor_rv , type => an}}]
OOPS_STATS ObjectCountHelper started.
OOPS_STATS Run start                                - Runtime:      0.06 sec,  Memory: total:    93.36 Mb, per task: min =    46.58 Mb, max =    46.78 Mb
Run: Starting soca::SetCorScales<

Run: Finishing soca::SetCorScales<
OOPS_STATS  
OOPS_STATS ----------------------------------------------------------------------------------
OOPS_STATS --------------------------- Object counts ----------------------------------------
OOPS_STATS ----------------------------------------------------------------------------------
OOPS_STATS                                      Total  Simult. Remain    Avg (Mb)    HWM (Mb)
OOPS_STATS soca::Geometry                  :        4       4        
OOPS_STATS soca::Increment                 :        1       1        
OOPS_STATS soca::State                     :        2       2        
OOPS_STATS ----------------------------- Object counts --------------------------------------
OOPS_STATS  
OOPS_STATS --------------------------------------------------------------------------------------------
OOPS_STATS ------------------------------------ Timing Statistics -------------------------------------
OOPS_STATS --------------------------------------------------------------------------------------------
OOPS_STATS Name                                                :   total (ms)   count    time/call (ms)
OOPS_STATS util::Timers::Total                                 :        63.77       1           63.7659
OOPS_STATS ------------------------------------ Timing Statistics -------------------------------------

OOPS_STATS ------------------------------------------------------------------------------------------------------------------
OOPS_STATS ---------------------------------- Parallel Timing Statistics (   2 MPI tasks) -----------------------------------
OOPS_STATS ------------------------------------------------------------------------------------------------------------------
OOPS_STATS Name                                                :     min (ms)    max (ms)    avg (ms)     % total   imbal (%)
OOPS_STATS util::Timers::Total                                 :        62.64       63.77       63.20      100.00        1.78
OOPS_STATS ---------------------------------- Parallel Timing Statistics (   2 MPI tasks) -----------------------------------

OOPS_STATS Run end                                  - Runtime:      0.12 sec,  Memory: total:   167.22 Mb, per task: min =    83.10 Mb, max =    84.12 Mb
Run: Finishing soca::SetCorScales< with status = 0
OOPS Ending   2022-01-27 12:59:50 (UTC-0500)
